[INFO] Scanning for projects...
[INFO] 
[INFO] -----------------< com.jktech.api:api-automation-java >-----------------
[INFO] Building api-automation-java 1.0.0
[INFO]   from pom.xml
[INFO] --------------------------------[ jar ]---------------------------------
[INFO] 
[INFO] --- clean:3.2.0:clean (default-clean) @ api-automation-java ---
[INFO] Deleting D:\SeleniumWorkspace\api-automation-FastAPI\target
[INFO] 
[INFO] --- resources:3.3.1:resources (default-resources) @ api-automation-java ---
[WARNING] Using platform encoding (Cp1252 actually) to copy filtered resources, i.e. build is platform dependent!
[INFO] Copying 0 resource from src\main\resources to target\classes
[INFO] 
[INFO] --- compiler:3.13.0:compile (default-compile) @ api-automation-java ---
[INFO] Recompiling the module because of changed source code.
[WARNING] File encoding has not been set, using platform encoding windows-1252, i.e. build is platform dependent!
[INFO] Compiling 5 source files with javac [debug target 11] to target\classes
[WARNING] system modules path not set in conjunction with -source 11
[INFO] 
[INFO] --- resources:3.3.1:testResources (default-testResources) @ api-automation-java ---
[WARNING] Using platform encoding (Cp1252 actually) to copy filtered resources, i.e. build is platform dependent!
[INFO] Copying 1 resource from src\test\resources to target\test-classes
[INFO] 
[INFO] --- compiler:3.13.0:testCompile (default-testCompile) @ api-automation-java ---
[INFO] Recompiling the module because of changed dependency.
[WARNING] File encoding has not been set, using platform encoding windows-1252, i.e. build is platform dependent!
[INFO] 
[INFO] --- surefire:3.2.5:test (default-test) @ api-automation-java ---
[INFO] ------------------------------------------------------------------------
[INFO] BUILD SUCCESS
[INFO] ------------------------------------------------------------------------
[INFO] Total time:  1.862 s
[INFO] Finished at: 2025-07-03T07:24:21+04:00
[INFO] ------------------------------------------------------------------------
